Header (12): hello
Data @ 0x0000: [124 8 2 166 144 1 0 4 148 33 255 240 124 108 27 120 124 140 35 120 60 96 0 0 56 99 0 0]
Data @ 0x001C: [75 255 255 229 57 128 0 0 125 131 99 120 128 1 0 20 56 33 0 16 124 8 3 166 78 128 0 32]
Data @ 0x0038: [72 101 108 108 111 32 119 111 114 108 100 46 10 0]
Count: [0 3]
Start Address: 0x0
Checksum Valid: true
